[zeal360.co.in/360/mallareddyuniversity2/mallareddyuniversity.html]
[backblue.gif]
[fade.gif]
[index.html]
[zeal360.co.in/360/mallareddyuniversity2/mallareddyuniversity.html]
[zeal360.co.in/360/mallareddyuniversity2/MallaReddyUniversitydat/thumbnail.1.delaye]
[zeal360.co.in/360/mallareddyuniversity2/MallaReddyUniversit/jquery-ui.min.3.delaye]
[zeal360.co.in/360/mallareddyuniversity2/MallaReddyUniversi/jquery.ui.touch-punch.m]
[zeal360.co.in/360/mallareddyuniversity2/MallaReddyUniversi/KolorTools.min.6.delaye]
[zeal360.co.in/360/mallareddyuniversity2/MallaReddyUniversi/KolorBootstrap.7.delaye]
[zeal360.co.in/360/mallareddyuniversity2/MallaReddyUniversi/cursors_move_html5.8.de]
[zeal360.co.in/360/mallareddyuniversity2/MallaReddyUniversi/cursors_drag_html5.9.de]
[zeal360.co.in/360/mallareddyuniversity2/MallaReddyUniversi/jquery-2.1.1.min.2.dela]
[zeal360.co.in/360/mallareddyuniversity2/MallaReddyUniversit/jquery-ui.min.3.delaye]
[zeal360.co.in/360/mallareddyuniversity2/MallaReddyUniversi/ui-bg_highlight-soft_10]
[zeal360.co.in/360/mallareddyuniversity2/MallaReddyUniversi/ui-bg_gloss-wave_35_f6a]
[zeal360.co.in/360/mallareddyuniversity2/MallaReddyUniversi/ui-bg_glass_100_f6f6f6_]
[zeal360.co.in/360/mallareddyuniversity2/MallaReddyUniversi/ui-bg_glass_65_ffffff_1]
[zeal360.co.in/360/mallareddyuniversity2/MallaReddyUniversi/ui-bg_highlight-soft_75]
[zeal360.co.in/360/mallareddyuniversity2/MallaReddyUniversi/ui-bg_diagonals-thick_1]
[zeal360.co.in/360/mallareddyuniversity2/MallaReddyUniversi/ui-bg_glass_100_fdf5ce_]
[zeal360.co.in/360/mallareddyuniversity2/MallaReddyUniversi/ui-icons_222222_256x240]
[zeal360.co.in/360/mallareddyuniversity2/MallaReddyUniversi/ui-icons_ffffff_256x240]
[zeal360.co.in/360/mallareddyuniversity2/MallaReddyUniversi/ui-icons_ef8c08_256x240]
[zeal360.co.in/360/mallareddyuniversity2/MallaReddyUniversi/ui-icons_228ef1_256x240]
[zeal360.co.in/360/mallareddyuniversity2/MallaReddyUniversi/ui-icons_ffd27a_256x240]
[zeal360.co.in/360/mallareddyuniversity2/MallaReddyUniversi/ui-bg_diagonals-thick_2]
[zeal360.co.in/360/mallareddyuniversity2/MallaReddyUniversi/MallaReddyUniversity.a]
[zeal360.co.in/360/mallareddyuniversity2/MallaReddyUniversi/ui-bg_flat_10_000000_40]
[zeal360.co.in/360/mallareddyuniversity2/MallaReddyUniversit/jquery-ui.min.4.delaye]
